2024-07-28 11:30:50,255 - INFO - __main__- this is a custom logger
2024-07-28 11:33:31,627 - __main__- this is a custom logger
